\2BO3A
\2BO3B
\2DEE1_RPO
\2DEE1_RWI
\2DEE1_RWO
\2DEE32_RPO
\2DEE32_RWI
\2DEE32_RWO
\2DMTMP_RPO
\2DMTMP_RWI
\2DMTMP_RWO
\2DV15_RPO
\2DV15_RWI
\2DV15_RWO
\2DV5_RPO
\2DV5_RWI
\2DV5_RWO
A1DC_LPB
A1DC_LPC
A1DC_LPT
A1DC_LWO1
A1DC_RPB
A1DC_RPC
A1DC_RPO1
A1DC_RWI1
A1DC_RWO1
A1DP_LWI1
A1DP_LWO1
***A1DP_RWI
A1DP_RWI1
A260X_06
A260X_IBR
A260X_LPC
A260X_LPO
A260X_LWO
A260X_OBL
A260X_OBR
A260X_RPC
A260X_RWI
A260X_RWO
A2D3A_3H
A2D3A_3V
A2D3R_3H
A2D3R_3V
A2DCA_LPB
A2DCA_LPC
A2DCA_LPT
A2DCA_RPB
A2DCA_RPC
A2DC_LPC
A2DC_LWO2
A2DCR_LPB
A2DCR_LPC
A2DCR_LPT
A2DC_RPC
A2DC_RPO2
A2DCR_RPB
A2DCR_RPC
A2DC_RWI2
A2DC_RWO2
A2DP_LWI2
A2DP_LWO2
A2DP_RWI2
A2DSA_2H
A2DSA_2V
A2DSR_2H
A2DSR_2V
A2DTEMP_011
A2DTEMP_012
A2DTEMP_1707
A2DTEMP_310
****A2DTEMP_318
A2DTEMP_3181
A2DTEMP_3182
A2DTEMP_318a
A2DTEMP_318b
A2DTEMP_319
A2DTEMP_AFTL0
A2DTEMP_AFTL1
A2DTEMP_AFTL2
A2DTEMP_AFTR0
A2DTEMP_AFTR1
A2DTEMP_FWDFS0
A2DTEMP_FWDFS1
A2DTEMP_FWDL1
A2DTEMP_FWDL2
****A2DTEMP_VID
A2DTEMP_VID0
A2DTEMP_VID1
A2DTEMP_VIDL0
A2DTEMP_VIDL1
A2DTEMP_VIDR0
A2DTEMP_VIDR1
ACCELX_BGP
ACCELX_BHF
ACCELX_LGP
ACCELX_LHF
ACCELX_RGP
ACCELX_RHF
ACCELX_TGP
ACCELX_THF
ACCELY_BGP
ACCELY_BHF
ACCELY_LGP
ACCELY_LHF
ACCELY_RGP
ACCELY_RHF
ACCELY_TGP
ACCELY_THF
ACCELZ_BGP
ACCELZ_BHF
ACCELZ_LGP
ACCELZ_LHF
ACCELZ_RGP
ACCELZ_RHF
ACCELZ_TGP
ACCELZ_THF
ACDP_LPC
ACDP_LPO
ACDP_RPI
ACDP_RPT
ACDP_RWI
ACDP_RWO
ACDP_RWT
ACINS
****ACINS_IRS2
ACLMT_C1
****ADIFR
ADIFRTEMP
AF300_LPO
AF300_RPC
AF300_RPI
AF300_RPO
AF300_WDR
AFSSP_IBR
AFSSP_LPC
AFSSP_LPI
AFSSP_OBL
AFSSP_OBR
AFSSP_RPC
AFSSP_RPO
AHVPS_RPO1
AKRD
****ALT
****ALT_A
ALT_A2
****ALT_G
ALTG_SRTM
****ALTHYB
ALTHYB_IRS2
ALT_IRS2
ALTX
AMBIENT_MTHP
AO2O2
AO2CO2
AO2STAT
APCAS_IBL
APCAS_RPI
APCAS_RPO
AQRATIO
ARDMA_FCR
AS100_LPC
AS100_LPI
AS100_LPO
AS100_LPT
AS100_LWI
AS100_LWO
AS100_RPC
AS100_RPO
AS100_RWO
AS200_LPI
AS200_LWI
AS200_LWO
AS200_RPO
AS200_RPT
AS300_LPC
AS300_LPO
AS300_LWI
AS300_RPC
AS300_RPI
AS300_RPO
AT_A
AT_A2
ATC
ATF1
ATFH1
ATFH2
ATH1
ATH2
ATH2_DIA
ATHL1
ATHL2
ATLH
ATRL
ATRR
ATTACK
ATWH
ATX
AUHSAS_LPO
AUHSAS_LWI
AUHSAS_RPC
AUHSAS_RWI
AUHSAS_RWO
AVGTRNS_LPO
AVGTRNS_RPI
AVGTRNS_RPT
AVGTRNS_RWI
AVGTRNS_RWO
AVGTRNS_RWT
AZFLOW
AZFLOW1
AZFLOW2
AZSAMP
AZSAMP1
AZSAMP2
BAL_CR2
BALNC_DPB
BALNC_DPT
BALT1_A
BALT1_A2
BALT2_A
BALT2_A2
BAROCOR1_A
BAROCOR1_A2
BAROCOR2_A
BAROCOR2_A2
base_time - not in xxx
BDIFR
BDIFRTEMP
BEAM1_LAMS
BEAM2_LAMS
BEAM3_LAMS
BEAM4_LAMS
BIASA_OP1
BIASB_OP1
BLATA
BLATA_IRS2
BLONGA
BLONGA_IRS2
BNORMA
BNORMA_IRS2
BPITCHR
BPITCHR_IRS2
BRDT_CR2
BROLLR
BROLLR_IRS2
BSCAT
BYAWR
BYAWR_IRS2
C1DC_LPB
C1DC_LPC
C1DC_LPI
C1DC_LPT
C1DC_LWO1
C1DC_RPB
C1DC_RPC
C1DC_RPO1
C1DC_RWI1
C1DC_RWO1
C1DP_LWI1
C1DP_LWO1
C1DP_RWI
C1DP_RWI1
C260X_06
C260X_IBR
C260X_LPC
C260X_LPO
C260X_LWO
C260X_OBL
C260X_OBR
C260X_RPC
C260X_RWI
C260X_RWO
C2D3A_3H
C2D3A_3V
C2D3R_3H
C2D3R_3V
C2DCA_LPB
C2DCA_LPC
C2DCA_LPT
C2DCA_RPB
C2DCA_RPC
C2DC_LPC
C2DC_LWO2
C2DCR_LPB
C2DCR_LPC
C2DCR_LPT
C2DC_RPC
C2DC_RPO2
C2DCR_RPB
C2DCR_RPC
C2DC_RWI2
C2DC_RWO2
C2DP_LWI2
C2DP_LWO2
C2DP_RWI2
C2DSA_2H
C2DSA_2V
C2DSR_2H
C2DSR_2V
CAI2F
CAL1
CAL2
CALT
CALT_LAMS
CAS_A
CAS_A2
CAVP_CR2
CAVP_DPB
CAVP_DPT
CAVP_GNI
CAVRH_GNI
CAVT_GNI
CCDP_LPC
CCDP_LPO
CCDP_RPI
CCDP_RPT
CCDP_RWI
CCDP_RWO
CCDP_RWT
CCLMT_C1
CCN1AST
CCN1DST
CCN1DTP
CCN1LPR
CCN1TTP
CCN1VDT
CCN1VFL
CCN2AST
CCN2DST
CCN2DTP
CCN2LPR
CCN2TTP
CCN2VDT
CCN2VFL
CDP5VMON_RPT
CDP5VMON_RWT
CDPCBTMP_RPT
CDPCBTMP_RWT
CDPLBTMP_LPO
CDPLBTMP_RPT
CDPLBTMP_RWT
CDPLSRC_LPO
CDPLSRC_RPT
CDPLSRC_RWT
CDPLSRP_LPO
CDPLSRP_RPT
CDPLSRP_RWT
CDPQBDW_RPT
CDPQBDW_RWT
CDPQBLINE_RPT
CDPQBLINE_RWT
CDPQTHRSH_RPT
CDPQTHRSH_RWT
CDPSBDW_RPI
CDPSBDW_RPT
CDPSBDW_RWT
CDPSBLINE_RPT
CDPSBLINE_RWT
CDPSTHRSH_RPI
CDPSTHRSH_RPT
CDPSTHRSH_RWT
CDPWBTMP_LPO
CDPWBTMP_RPT
CDPWBTMP_RWT
CF300_LPO
CF300_RPC
CF300_RPI
CF300_RPO
CF300_WDR
CFILTF
CFSSP_IBR
CFSSP_LPC
CFSSP_LPI
CFSSP_OBL
CFSSP_OBR
CFSSP_RPC
CFSSP_RPO
CFT_CR2
CH4C_PIC2311
CH4_PIC1301
CH4_PIC2311
CHAN0_MTHP
CHAN1_MTHP
CHAN2_MTHP
CHAN3_MTHP
CHAN4_MTHP
CHAN5_MTHP
CHAN6_MTHP
CHAN7_MTHP
CHAN8_MTHP
CHAN9_MTHP
CHANA_OP1
CHANB_OP1
CHVPS_RPO1
CIICNTS_BCN
CIMPF
CINB
CINCB
CINCF
CINF
CING
CINSIG
CLAT
CLAT_LAMS
CLEAN_CR2
CLMPOF_C1
CLON
CLON_LAMS
CMODE
CN3010
CN3010C
CN3025
CN3025C
CN3760
CN3760C
CNEPH
CNEPHF
CNTEMP
CNTEMP_WCN
CNTS
CNTS1
CNTS_CFDC
CNTS_WCN
CO
CO2C_PIC2311
CO2MR_NCNDIR
CO2_PIC
CO2_PIC1301
CO2_PIC2311
COCAL
COCOR
COFLOW_AL
COMR_AL
CON2C1
CON2P1
CONC1DC100_LPB
CONC1DC100_LPI
CONC1DC100_LPT
CONC1DC100_RPB
CONC1DC150_LPB
CONC1DC150_LPI
CONC1DC150_LPT
CONC1DC150_RPB
CONC1DC_LPB
CONC1DC_LPC
CONC1DC_LPI
CONC1DC_LPT
CONC1DC_LWO1
CONC1DC_RPB
CONC1DC_RPC
CONC1DC_RPO1
CONC1DC_RWI1
CONC1DC_RWO1
CONC1DP_LWI
CONC1DP_LWI1
CONC1DP_LWO1
CONC1DP_RWI
CONC1DP_RWI1
CONC2C_LPC
CONC2C_LWO
CONC2C_OBL
CONC2C_OBR
CONC2C_RPC
CONC2C_RPO
CONC2C_RWI
CONC2C_RWO
CONC2D3A_3H
CONC2D3A_3V
CONC2D3R_3H
CONC2D3R_3V
CONC2DCA_LPB
CONC2DCA_LPC
CONC2DCA_LPT
CONC2DCA_RPB
CONC2DCA_RPC
CONC2DC_LPC
CONC2DC_LWO2
CONC2DCR_LPB
CONC2DCR_LPC
CONC2DCR_LPT
CONC2DC_RPC
CONC2DC_RPO2
CONC2DCR_RPB
CONC2DCR_RPC
CONC2DC_RWI2
CONC2DC_RWO2
CONC2DP_LWI2
CONC2DP_LWO2
CONC2DP_RWI2
CONC2DSA_2H
CONC2DSA_2V
CONC2DSR_2H
CONC2DSR_2V
CONC2P_IBR
CONC2P_LWI
CONC2P_LWO
CONC2P_RWI
CONC3_LPC
CONC3_LPO
CONC3_LWI
CONC3_RPC
CONC3_RPI
CONC3_RPO
CONC3_WDR
CONC6_06
CONC6_IBR
CONC6_LPC
CONC6_LPO
CONC6_LWO
CONC6_OBL
CONC6_OBR
CONC6_RPC
CONC6_RWI
CONC6_RWO
CONCD_LPC
CONCD_LPO
CONCD_RPI
CONCD_RPT
CONCD_RWI
CONCD_RWO
CONCD_RWT
CONCF_IBR
CONCF_LPC
CONCF_LPI
CONCF_LPO
CONCF_LPT
CONCF_LWI
CONCF_LWO
CONCF_OBL
CONCF_OBR
CONCF_RPC
CONCF_RPO
CONCF_RWO
CONCH_UVH
CONCHV_RPO1
CONCN
CONCN1
CONCN_CFDC
CONCP_IBL
CONCP_LPI
CONCP_LWI
CONCP_LWO
CONCP_RPI
CONCP_RPO
CONCP_RPT
CONCR_FCR
CONCT_C1
CONCU100_LPO
CONCU100_LWI
CONCU100_RPC
CONCU100_RWI
CONCU100_RWO
CONCU500_LPO
CONCU500_LWI
CONCU500_RPC
CONCU500_RWI
CONCU500_RWO
CONCU_LPO
CONCU_LWI
CONCU_RPC
CONCU_RWI
CONCU_RWO
CONCV_VXL
CORAW_AL
COZRO
CPC3ACC
CPC3VFL
CPC4ACC
CPC4VFL
CPCAS_IBL
CPCAS_RPI
CPCAS_RPO
CPCCNT_SMPS
CPCQAE_SMPS
CPCTCON_SMPS
CPCTSAT_SMPS
CPITCH
CPITCH_LAMS
CRDMA_FCR
CROLL
CROLL_LAMS
CS100_LPC
CS100_LPI
CS100_LPO
CS100_LPT
CS100_LWI
CS100_LWO
CS100_RPC
CS100_RPO
CS100_RWO
CS200_LPI
CS200_LWI
CS200_LWO
CS200_RPO
CS200_RPT
CS300_LPC
CS300_LPO
CS300_LWI
CS300_RPC
CS300_RPI
CS300_RPO
CSTR
CSTRF
CT1_CFDC
CT2_CFDC
CT3_CFDC
CT4_CFDC
CT5_CFDC
CT6_CFDC
CT7_CFDC
CTHDG
CTHDG_LAMS
CTOTF
CUHSAS_LPO
CUHSAS_LWI
CUHSAS_RPC
CUHSAS_RWI
CUHSAS_RWO
CVCWC
CVEMSW
CVEW
CVEW_LAMS
CVFACT
CVFCN2C
CVFX0C
CVFX1C
CVFX2C
CVINFLAG
CVN
CVNS
CVNS_LAMS
CVRAD
CVSPD
CVSPD_LAMS
DAY
DBAR1DC_LPB
DBAR1DC_LPC
DBAR1DC_LPI
DBAR1DC_LPT
DBAR1DC_LWO1
DBAR1DC_RPB
DBAR1DC_RPC
DBAR1DC_RPO1
DBAR1DC_RWI1
DBAR1DC_RWO1
DBAR1DP_LWI1
DBAR1DP_LWO1
DBAR1DP_RWI
DBAR1DP_RWI1
DBAR2D3A_3H
DBAR2D3A_3V
DBAR2D3R_3H
DBAR2D3R_3V
DBAR2DCA_LPB
DBAR2DCA_LPC
DBAR2DCA_LPT
DBAR2DCA_RPB
DBAR2DCA_RPC
DBAR2DC_LPC
DBAR2DC_LWO2
DBAR2DCR_LPB
DBAR2DCR_LPC
DBAR2DCR_LPT
DBAR2DC_RPC
DBAR2DC_RPO2
DBAR2DCR_RPB
DBAR2DCR_RPC
DBAR2DC_RWI2
DBAR2DC_RWO2
DBAR2DP_LWI2
DBAR2DP_LWO2
DBAR2DP_RWI2
DBAR2DSA_2H
DBAR2DSA_2V
DBAR2DSR_2H
DBAR2DSR_2V
DBAR3_LPC
DBAR3_LPO
DBAR3_LWI
DBAR3_RPC
DBAR3_RPI
DBAR3_RPO
DBAR3_WDR
DBAR6_06
DBAR6_IBR
DBAR6_LPC
DBAR6_LPO
DBAR6_LWO
DBAR6_OBL
DBAR6_OBR
DBAR6_RPC
DBAR6_RWI
DBAR6_RWO
DBARD_LPC
DBARD_LPO
DBARD_RPI
DBARD_RPT
DBARD_RWI
DBARD_RWO
DBARD_RWT
DBARF_IBR
DBARF_LPC
DBARF_LPI
DBARF_LPO
DBARF_LPT
DBARF_LWI
DBARF_LWO
DBARF_OBL
DBARF_OBR
DBARF_RPC
DBARF_RPO
DBARF_RWO
DBARHV_RPO1
DBARP_IBL
DBARP_LPI
DBARP_LWI
DBARP_LWO
DBARP_RPI
DBARP_RPO
DBARP_RPT
DBARU_LPO
DBARU_LWI
DBARU_RPC
DBARU_RWI
DBARU_RWO
DBZ1DC_LPB
DBZ1DC_LPC
DBZ1DC_LPT
DBZ1DC_LWO1
DBZ1DC_RPB
DBZ1DC_RPO1
DBZ1DC_RWI1
DBZ1DC_RWO1
DBZ1DP_LWI1
DBZ1DP_LWO1
DBZ1DP_RWI1
DBZ2D3A_3H
DBZ2D3A_3V
DBZ2D3R_3H
DBZ2D3R_3V
DBZ2DCA_LPB
DBZ2DCA_LPC
DBZ2DCA_LPT
DBZ2DCA_RPB
DBZ2DCA_RPC
DBZ2DC_LWO2
DBZ2DCR_LPB
DBZ2DCR_LPC
DBZ2DCR_LPT
DBZ2DC_RPO2
DBZ2DCR_RPB
DBZ2DCR_RPC
DBZ2DC_RWI2
DBZ2DC_RWO2
DBZ2DP_LWI2
DBZ2DP_LWO2
DBZ2DP_RWI2
DBZ2DSA_2H
DBZ2DSA_2V
DBZ2DSR_2H
DBZ2DSR_2V
DBZ6_LWO
DBZ6_OBR
DBZ6_RPC
DBZ6_RWO
DBZD_LPO
DBZD_RPT
DBZD_RWI
DBZD_RWT
DBZF_IBR
DBZF_LPC
DBZF_LPI
DBZF_LPO
DBZF_LWI
DBZF_LWO
DBZF_RPC
DBZF_RPO
DBZHV_RPO1
DEI
DELTAT_LPO
DELTAT_RPC
DELTAT_RPT
DELTAT_RWO
DELTAT_RWT
DFRSTS
DFSTRB
DIFF1
DISP1DC_LPB
DISP1DC_LPC
DISP1DC_LPT
DISP1DC_LWO1
DISP1DC_RPB
DISP1DC_RPO1
DISP1DC_RWI1
DISP1DC_RWO1
DISP1DP_LWI1
DISP1DP_LWO1
DISP1DP_RWI1
DISP2D3A_3H
DISP2D3A_3V
DISP2D3R_3H
DISP2D3R_3V
DISP2DCA_LPB
DISP2DCA_LPC
DISP2DCA_LPT
DISP2DCA_RPB
DISP2DCA_RPC
DISP2DC_LWO2
DISP2DCR_LPB
DISP2DCR_LPC
DISP2DCR_LPT
DISP2DC_RPO2
DISP2DCR_RPB
DISP2DCR_RPC
DISP2DC_RWI2
DISP2DC_RWO2
DISP2DP_LWI2
DISP2DP_LWO2
DISP2DP_RWI2
DISP2DSA_2H
DISP2DSA_2V
DISP2DSR_2H
DISP2DSR_2V
DISP6_LWO
DISP6_OBR
DISP6_RPC
DISP6_RWO
DISPD_LPO
DISPD_RPT
DISPD_RWI
DISPD_RWT
DISPF_IBR
DISPF_LPC
DISPF_LPI
DISPF_LPO
DISPF_LWI
DISPF_LWO
DISPF_OBL
DISPF_RPC
DISPF_RPO
DISPHV_RPO1
DISPP_IBL
DISPP_LWI
DISPP_LWO
DISPP_RPI
DISPP_RPO
DISPU_LWI
DISPU_RWI
DISPU_RWO
DKL_MC
DKS_MC
DMAQAE_SMPS
DMAQEX_SMPS
DMAT_SMPS
DMAV_SMPS
DNI
DP1_SMPS
DP2_SMPS
DPB
DPBC
DP_CR2
DP_DPB
DP_DPT
DPLA
DPLA1
DPT
DPTC
DP_UVH
DP_VXL
DPXC
DREXTTL
DRFTA
DRFTA_IRS2
DSM320A0C2
DT1DC_LPB
DT1DC_LPC
DT1DC_LPT
DT1DC_LWO1
DT1DC_RPB
DT1DC_RPO1
DT1DC_RWI1
DT1DC_RWO1
DT1DP_LWI1
DT1DP_LWO1
DT1DP_RWI1
DT2DC_LPC
DT2DC_LWO2
DT2DC_RPC
DT2DC_RPO2
DT2DC_RWI2
DT2DC_RWO2
DT2DP_LWI2
DT2DP_LWO2
DT2DP_RWI2
DTB
DTHVPS_RPO1
DTT
DUMMY
DUMMY_AFTL1
DUMMY_AFTR1
DVALUE
DVALUE_628
DVALUE_NVTL
DVALUE_UDP
EDPC
ETCN_WCN
EVENT_CKP
EVENT_CTL
EVENT_FCL
EVENT_FCR
EVENT_FWD
EVENT_OBL
EVENT_OBR
EVENT_RCL
EVENT_RCR
EW_CR2
EW_DPB
EW_DPT
EW_UVH
EW_VXL
EWX
EXHPERR_LAMS
EXVELERR_LAMS
EXVPERR_LAMS
F2DIO1_LPB
F2DIO1_LPT
F2DIO1_RPB
F2DIO32_LPB
F2DIO32_LPT
F2DIO32_RPB
F2DIO64_LPB
F2DIO64_LPT
F2DIO64_RPB
FACT_IBR
FACT_LPC
FACT_LPI
FACT_LPO
FACT_OBL
FACT_OBR
FACT_RPC
FACT_RPI
FACT_RPO
FACT_WDR
FANV_IBR
FANV_LPC
FANV_LPI
FANV_OBL
FANV_OBR
FANV_RPC
FANV_RPI
FANV_RPO
FBMFR_IBR
FBMFR_LPC
FBMFR_LPI
FBMFR_OBL
FBMFR_OBR
FBMFR_RPC
FBMFR_RPO
FCN
FCNC
FCNC_WCN
FCPRES_SMPS
FILTER_CFDC
FLOW_OP1
FLOWSP_OP1
FO3_ACD
FO3C_ACD
FO3_CL
FOMINF_LAMS
FREF3_LPC
FREF3_LPO
FREF3_RPC
FREF3_RPI
FREF3_RPO
FREF_IBR
FREF_LPC
FREF_LPI
FREF_LPO
FREF_LWI
FREF_LWO
FREF_OBL
FREF_OBR
FREF_RPC
FREF_RPI
FREF_RPO
FREF_RWO
FRNG_IBR
FRNG_LPC
FRNG_LPI
FRNG_LPO
FRNG_LWI
FRNG_LWO
FRNG_OBL
FRNG_OBR
FRNG_RPC
FRNG_RPO
FRNG_RWO
FRST_IBR
FRST_LPC
FRST_LPI
FRST_LPO
FRST_OBL
FRST_OBR
FRST_RPC
FRST_RPI
FRST_RPO
FRST_WDR
FSHCN_WCN
FSIG_IBR
FSIG_LPC
FSIG_LPI
FSIG_OBL
FSIG_OBR
FSIG_RPC
FSIG_RPI
FSIG_RPO
FSTB_IBR
FSTB_LPC
FSTB_LPI
FSTB_LPO
FSTB_OBL
FSTB_OBR
FSTB_RPC
FSTB_RPI
FSTB_RPO
FSTT_IBR
FSTT_LPC
FSTT_LPI
FSTT_OBL
FSTT_OBR
FSTT_RPC
FSTT_RPI
FSTT_RPO
FTCN_WCN
FTMP3_LPC
FTMP3_LPO
FTMP3_RPC
FTMP3_RPI
FTMP_IBR
FTMP_LPC
FTMP_LPI
FTMP_LPO
FTMP_LWI
FTMP_LWO
FTMP_OBL
FTMP_OBR
FTMP_RPC
FTMP_RPI
FTMP_RPO
FTMP_RWO
FXAZIM
FXDIST
GALT
GALTC
GGALT
GGALT_628
GGALTC
GGALT_GMN
GGALT_NVTL
GGALTSD
GGALTSD_628
GGALTSD_UDP
GGALT_UDP
GGDAGE
GGDAGE_628
GGDAGE_UDP
GGDAY
GGEOIDHT
GGEOIDHT_628
GGEOIDHT_UDP
GGHORDIL
GGHORDIL_628
GGHORDIL_UDP
GGLAT
GGLAT_628
GGLAT_NVTL
GGLATSD
GGLATSD_628
GGLATSD_UDP
GGLAT_UDP
GGLON
GGLON_628
GGLON_NVTL
GGLONSD
GGLONSD_628
GGLONSD_UDP
GGLON_UDP
GGMODE
GGMONTH
GGNSAT
GGNSAT_628
GGNSAT_NVTL
GGNSAT_UDP
GGQUAL
GGQUAL_628
GGQUAL_NVTL
GGQUAL_UDP
GGREFID
GGREFID_628
GGREFID_UDP
GGRepLag
GGRepLag_628
GGRepLag_UDP
GGSECSDAY
GGSPD
GGSPD_628
GGSPD_NVTL
GGSPD_UDP
GGSTATUS
GGSTATUS_628
GGSTATUS_NVTL
GGSTATUS_UDP
GGTRK
GGTRK_628
GGTRK_NVTL
GGTRK_UDP
GGVEW
GGVEW_628
GGVEW_NVTL
GGVEW_UDP
GGVNS
GGVNS_628
GGVNS_NVTL
GGVNS_UDP
GGVSPD
GGVSPD_628
GGVSPD_NVTL
GGVSPD_UDP
GGYEAR
GLAT
GLON
GMODE
GSF
GSPD
GSPD_A
GSPD_A2
GSPDHYB
GSPDHYB_IRS2
GSPD_IRS2
GSTAT
GSTAT_A
GSTAT_A2
GTIME_A
GTIME_A2
GVEW
GVEW_A
GVEW_A2
GVNS
GVNS_A
GVNS_A2
GVZI
H2DEE1_LWI
H2DEE32_LWI
H2DMTMP_LWI
H2DV15_LWI
H2DV5_LWI
H2DVN15_LWI
H2O2
H2O_PIC2311
HEIGHT_SIDS
HGM
HGM232
HGM232S
HK28AII
HK28AIV
HK28UI
HK28UV
HK400
HK60D
HK60L
HK60R
HOT_MTHP
HOUR
HVCBTMP_RPO
HVCMTMP_RPO
HVDATMP_RPO
HVLASER_RPO
HVSATMP_RPO
HVUVV1_RPO
HVUVV2_RPO
HVWTMP_RPO
HYBHFOM
HYBHFOM_IRS2
HYBVFOM
HYBVFOM_IRS2
I2D3A_3H
I2D3A_3V
I2DCA_LPB
I2DCA_LPC - not in xxx
I2DCA_LPT
I2DCA_RPB
I2DCA_RPC - not in xxx
I2DSA_2H
I2DSA_2V
IAS
IAT_SIDS
IDXL_MC
IDXS_MC
IMP1
IMP2
IMPFL
IMPTOT
INC_CFDC
INFLOW
INFLOWC
INLETP_AL
INPDIFF
INPI
INPO
INPS1
INPS2
INPS3
INPWANT
INQC1
INQC2
INQC3
INRHUM
INTAS1
INTAS2
INTAS3
INTEMP
interarrival_endpoints
IRB
IRBC
IRBHT
IRBV
IRIG_Status_310
IRIG_Status_313
IRIG_Status_318
IRIG_Status_319
IRIG_Status_320
IRIG_Status_321
IRIG_Status_322
IRIG_Status_323
IRIG_Status_324
IRIG_Status_325
IRIG_Tdiff_310
IRIG_Tdiff_313
IRIG_Tdiff_318
IRIG_Tdiff_319
IRIG_Tdiff_320
IRIG_Tdiff_321
IRIG_Tdiff_322
IRIG_Tdiff_323
IRIG_Tdiff_324
IRIG_Tdiff_325
IRT
IRTC
IRTHT
IRTV
IWD
IWD_IRS2
IWS
IWS_IRS2
LAT
LAT_A
LAT_A2
LATC
LATF_A
LATF_A2
LATHYB
LATHYB_IRS2
LAT_IRS2
LFILTF
LFSSPF
LNEPH
LNEPHF
LNEPHIM
LO183_MTHP
LO60_MTHP
LON
LON_A
LON_A2
LONC
LONF_A
LONF_A2
LONHYB
LONHYB_IRS2
LON_IRS2
LSRINT_VXL
LSTR
LSTRF
LTCN_WCN
MACH_A
MACH_A2
MACHF
MACHFR
MACHR
MACHX
MANFOLD
MCN_WCN
MCROUT
MCRSTAT
MEDCO2
MEDFLOW
MEDH2O
MEDP1
MEDP2
MEDPBYP
MEDPSA
MEDSTAT1
MEDSTAT2
MEDSTAT3
MHDG
MHDG_IRS2
MHPEQ
MINUTE
MIRRORT_CR2
MIRRTMP_CR2
MIRRTMP_DPB
MIRRTMP_DPT
MODE_LAMS
MONTH
MR
MR_CR2
MRLA
MRLA1
MRLH
MRLHS
MRLHW
MRTDLL_MC
MRTDLS_MC
MRUV
MR_UVH
NACCEPT2D3A_3H
NACCEPT2D3A_3V
NACCEPT2D3R_3H
NACCEPT2D3R_3V
NACCEPT2DCA_LPB
NACCEPT2DCA_LPC
NACCEPT2DCA_LPT
NACCEPT2DCA_RPB
NACCEPT2DCA_RPC
NACCEPT2DCR_LPB
NACCEPT2DCR_LPC
NACCEPT2DCR_LPT
NACCEPT2DCR_RPB
NACCEPT2DCR_RPC
NACCEPT2DSA_2H
NACCEPT2DSA_2V
NACCEPT2DSR_2H
NACCEPT2DSR_2V
NCADHVS
NCADQAE
NCADQEX
NCADQSA
NCADQSH
NLWC
NLWCC
NOCAL
NOREC
NPOSP_LAMS
NREJECT2D3A_3H
NREJECT2D3A_3V
NREJECT2D3R_3H
NREJECT2D3R_3V
NREJECT2DCA_LPB
NREJECT2DCA_LPC
NREJECT2DCA_LPT
NREJECT2DCA_RPB
NREJECT2DCA_RPC
NREJECT2DCR_LPB
NREJECT2DCR_LPC
NREJECT2DCR_LPT
NREJECT2DCR_RPB
NREJECT2DCR_RPC
NREJECT2DSA_2H
NREJECT2DSA_2V
NREJECT2DSR_2H
NREJECT2DSR_2V
NSAT_LAMS
NTWC
NTWCC
NVELP_LAMS
O3FC
O3FF
O3FN
O3FP
O3FS
O3FT
O3FV
OAT
OBBCOD
OBBCR
ODETDC
ODETOF
ODETSG
ODSIGC
OGAIN
OGAINF
ONE
OPC1
OPC2
OPC3
OSMOTR
OTBBC
OTBBF
OTBNCH
OTBOX
OTDET
OTDETC
OTSNT
OVFLW_LPC
OVFLW_LPI
OVFLW_LPO
OVFLW_LWI
OVFLW_LWO
OVFLW_RPC
OVFLW_RPO
OVFLW_RPT
OVFLW_RWO
OVFLW_RWT
P6E01_LPC
P6E01_LWO
P6E01_RPC
P6E01_RWI
P6E01_RWO
P6E64_LPC
P6E64_LWO
P6E64_RPC
P6E64_RWI
P6E64_RWO
P6RST_06
P6RST_LPC
P6RST_LWO
P6RST_RPC
P6RST_RWI
P6RST_RWO
P6TMP_LPC
P6TMP_LWO
P6TMP_RPC
P6TMP_RWI
P6TMP_RWO
PACN_WCN
PACT_IBL
PACT_RPI
PACT_RPO
PALT
PALT_A
PALT_A2
PALTF
PBRS_IBL
PBRS_RPI
PBRS_RPO
PCAB
PCAIFL1
PCELLS_MC
P_CFDC
PCN
PCN_WCN
PCONE
P_CR2
PDRY
PERACAL
PERACOR
PERAZRO
PERBCAL
PERBCOR
PERBZRO
PERCT
PERFA
PERSA
PERSB
PERST
PFLWC_LPI
PFLWC_LWI
PFLWC_LWO
PFLWC_RPI
PFLWC_RPO
PFLW_IBL
PFLW_LPI
PFLW_LWI
PFLW_RPI
PFLW_RPO
PFLWS_LPI
PFLWS_LWI
PFLWS_RPO
PFSSP_IBR
PFSSP_OBL
PHDG
PHGB_LPI
PHGB_LWI
PHGB_RPO
PHIML1
PHIML2
PITCH
PITCH_IRS2
PLGB_LPI
PLGB_LWI
PLGB_RPO
PLWC
PLWC1
PLWC1DC_LPB
PLWC1DC_LPC
PLWC1DC_LPI
PLWC1DC_LPT
PLWC1DC_LWO1
PLWC1DC_RPB
PLWC1DC_RPC
PLWC1DC_RPO1
PLWC1DC_RWI1
PLWC1DC_RWO1
PLWC1DP_LWI1
PLWC1DP_LWO1
PLWC1DP_RWI
PLWC1DP_RWI1
PLWC2
PLWC2D3A_3H
PLWC2D3A_3V
PLWC2D3R_3H
PLWC2D3R_3V
PLWC2DCA_LPB
PLWC2DCA_LPC
PLWC2DCA_LPT
PLWC2DCA_RPB
PLWC2DCA_RPC
PLWC2DC_LPC
PLWC2DC_LWO2
PLWC2DCR_LPB
PLWC2DCR_LPC
PLWC2DCR_LPT
PLWC2DC_RPC
PLWC2DC_RPO2
PLWC2DCR_RPB
PLWC2DCR_RPC
PLWC2DC_RWI2
PLWC2DC_RWO2
PLWC2DP_LWI2
PLWC2DP_LWO2
PLWC2DP_RWI2
PLWC2DSA_2H
PLWC2DSA_2V
PLWC2DSR_2H
PLWC2DSR_2V
PLWC6_06
PLWC6_IBR
PLWC6_LPC
PLWC6_LPO
PLWC6_LWO
PLWC6_OBL
PLWC6_OBR
PLWC6_RPC
PLWC6_RWI
PLWC6_RWO
PLWCC
PLWCC1
PLWCC2
PLWCD_LPC
PLWCD_LPO
PLWCD_RPI
PLWCD_RPT
PLWCD_RWO
PLWCD_RWT
PLWCF_IBR
PLWCF_LPC
PLWCF_LPI
PLWCF_LPO
PLWCF_LPT
PLWCF_LWI
PLWCF_LWO
PLWCF_OBL
PLWCF_OBR
PLWCF_RPC
PLWCF_RPO
PLWCF_RWO
PLWCG
PLWCHV_RPO1
PMGB_LPI
PMGB_LWI
PMGB_RPO
PODFANL
PODFANR
PODTMPL
PODTMPR
POFCCTL1
POFCCTL2
POFCCTL3
POFCCTLF
POFCFL1
POFCFL2
POFCFL3
POFCFLF
PP2FL_MC
PP2FS_MC
PREF_IBL
PREF_LPI
PREF_LWI
PREF_OBL
PREF_RPI
PREF_RPO
PRESA_OP1
PRESB_OP1
PRESS_CLH
PS_A
PS_A2
PSCAN_0
PSCAN_1
PSCAN_10
PSCAN_11
PSCAN_12
PSCAN_13
PSCAN_14
PSCAN_15
PSCAN_2
PSCAN_3
PSCAN_4
PSCAN_5
PSCAN_6
PSCAN_7
PSCAN_8
PSCAN_9
PSDIPRH
PSDIPRV
PSDIRHM
PSDITMP
PSF
PSFC
PSFD
PSFD1
PSFD2
PSFDC
PSFRD
PSINLET
PSLH
PSTRB_06
PSTREK1
PSTT_IBL
PSTT_RPI
PSTT_RPO
PSUHSAS
PSURF
PSX
PSXC
PT_A
PT_A2
PTMP_IBL
PTMP_LPI
PTMP_LWI
PTMP_RPI
PTMP_RPO
PVOL3_LPO
PVOL3_RPO
PVOL3_WDR
PVOLP_LPI
PVOLP_RPI
PVOLP_RPT
PVOLU_LWI
PVOLU_RPC
PVOLU_RWI
PWM_CR2
PWRL_MC
PWRS_MC
QC_A
QC_A2
QCF
QCFC
QCFR
QCFRC
QCFRTEMP
QCFTEMP
QCR
QCRC
QCRTEMP
QCX
QCXC
RADCF
RALT
RATIO
RDMAHVPS
RDMAHVPS_FCR
RDMAPABS
RDMAPABS_FCR
RDMAQA
RDMAQA_FCR
RDMAQEX
RDMAQEX_FCR
RDMAQS
RDMAQS_FCR
RDMAQSH
RDMAQSH_FCR
RDMARH
RDMARH_FCR
RDMATEMP
RDMATEMP_FCR
RDMAVD
RDMAVD_FCR
RDMAVSH
RDMAVSH_FCR
REFF2D3A_3H
REFF2D3A_3V
REFF2D3R_3H
REFF2D3R_3V
REFF2DCA_LPB
REFF2DCA_LPC
REFF2DCA_LPT
REFF2DCA_RPB
REFF2DCA_RPC
REFF2DC_LPB
REFF2DC_LPC
REFF2DC_LPT
REFF2DC_LWO1
REFF2DCR_LPB
REFF2DCR_LPC
REFF2DCR_LPT
REFF2DC_RPB
REFF2DCR_RPB
REFF2DCR_RPC
REFF2DSA_2H
REFF2DSA_2V
REFF2DSR_2H
REFF2DSR_2V
REFF6_RWI
REFFD2DC_LPC
REFFD_LPO
REFFD_RPT
REFFD_RWI
REFFD_RWT
REFFF2DC
REFFF_LPC
REFFF_LPO
REFFF_LWI
REFFF_RPC
REFFF_RPO
REFFF_RWO
REFRACI
REFRACP
REFRACT
REJAT_LPC
REJAT_LPI
REJAT_LPO
REJAT_LWI
REJAT_LWO
REJAT_RPC
REJAT_RPO
REJAT_RWO
REJDOF_LPC
REJDOF_LPI
REJDOF_LPO
REJDOF_LWI
REJDOF_LWO
REJDOF_RPC
REJDOF_RPO
REJDOF_RPT
REJDOF_RWO
REJDOF_RWT
REJDOF_SIDS
RENDPT_CLH
RHLA
RHLA1
RHODT
RHODT_UVH
RHOLA
RHOLA1
RHOUV
RH_SMPS
RHUM
RICE
ROLL
ROLL_IRS2
ROOH
RPCN_WCN
RSTB
RSTB1
RSTT
RT_A
RT_A2
RTF1
RTH1
RTH2
RTH2_DIA
RTHL1
RTHL2
RTRL
RTX
SAT_CFDC
SDWC1
SDWP1
SECOND
SELHYB
SELHYB_IRS2
SELPOS_OP1
SEQ1_LAMS
SEQ2_LAMS
SEQ3_LAMS
SEQ4_LAMS
SFC_SRTM
SFILTF
SFLCN_WCN
SFLOW_CFDC
SHDORC_LPB
SHDORC_LPC
SHDORC_LPT
SHDORC_LWO
SHDORC_OBL
SHDORC_OBR
SHDORC_RPB
SHDORC_RPC
SHDORC_RPO
SHDORC_RWI
SHDORC_RWO
SHDORP_IBR
SHDORP_LWI
SHDORP_LWO
SHDORP_RWI
SHFLOW_SMPS
SNEPH
SNEPHF
SOLAZ
SOLDE
SOLEL
SOLPOS
SOLZE
SPBPITCH
SPBROLL
SPTPITCH
SPTROLL
SSLIP
SSRD
SSTRF
STATUS_CR2
STATUS_MTHP
STATVALID_LAMS
STB
STOTF
STT
SWB
SWT
SWTC
T3025AFC1_SMPS
T3025AFC2_SMPS
T3025AF_SMPS
T3025AFV_SMPS
T3025CFC1_SMPS
T3025CFC2_SMPS
T3025CF_SMPS
T3025CFV_SMPS
T3025CNTS_SMPS
T3025CONC_SMPS
T3025TCNTS_SMPS
T3025TCON_SMPS
T3025TSAT_SMPS
T3025VREF_SMPS
TAS_A
TAS_A2
TASDRY
TASF
TASFLG
TASFR
TASHC
TASR
TASX
TCELLS_MC
TCNT3_LPO
TCNT3_RPC
TCNT3_RPI
TCNT6_06
TCNT6_RWI
TCNTD_LPO
TCNTD_RPT
TCNTD_RWT
TCNTF_LPC
TCNTF_LPO
TCNTF_LWI
TCNTF_RPC
TCNTF_RPO
TCNTF_RWO
TCNT_LWI
TCNTP_LPI
TCNTP_RPO
TCNT_RWI
TCNTU_LWI
TCNTU_RWI
TEC_DPB
TEC_DPT
TEMP1
TEMP_CLH
TEO3
TEO3C
TEO3P
TEP
TET
TFILTF
TFLOW_CFDC
TGCN_WCN
THDG
THDGHYB
THDGHYB_IRS2
THDG_IRS2
THETA
THETAE
THETAP
THETAQ
THETAV
THIML1
THIML2
THIML3
THIML4
Time - not in xxx
time_offset
TIME_PIC2311
TimeStamp_OP1
TIMICE1
TIMICE2
TKAR
TKAT
TKAT_A
TKAT_A2
TKAT_IRS2
TOUTA_OP1
TOUTB_OP1
TRAP1
TRAP2
TRAP3
TRSTB
TSCAT
TSCN_WCN
TSLC_SMPS
TSURF
TTFH1
TTFH2
TTHL1
TTHL2
TTLH
TTRL
TTRR
TTWH
TTWHC
TTX
TVIR
UBTMP_LWI
UBTMP_RWI
UCPC
UCURR_LWI
UCURR_RWI
UDIFF_LWI
UDIFF_RWI
UFLWC_LPO
UFLWC_LWI
UFLWC_RPC
UFLWC_RWI
UFTP
UFTT1
UFTT2
UI
UIC
UPRESS_LWI
UPRESS_RWI
UREF_LWI
UREF_RWI
USCAT_LWI
USCAT_RWI
USHFLW_LWI
USHFLW_RWI
USMPFLW_LWI
USMPFLW_RWI
UTEMP_LWI
UTEMP_RWI
UVB
UVCHRF
UVCHSP
UVHREF
UVHSMP
UVKRRF
UVKRSP
UVPVOL
UVT
UVTVOL
UX
UXC
VALCOHIGH
VALCOLOW
VEW
VEWC
VEWHYB
VEWHYB_IRS2
VEW_IRS2
VI
VIC
VISB
VISBHT
VISBHTV
VIST
VISTHT
VISTHTV
VLA
VLA1
VMR_CLH
VNS
VNSC
VNSHYB
VNSHYB_IRS2
VNS_IRS2
VSPD
VSPD_A
VSPD_A2
VSPD_G
VSPD_IRS2
VY
VYC
WD
WDC
WI
WIC
WIDTH_SIDS
WOW_A
WOW_A2
WP3
WS
WSC
WV650
WV760
WV862
X2BO3
XADFPL
XADFWT
XADIF
XAERIF
XAERIT
XASAMP
XASTAT
XBDFPL
XBDFWT
XBDIF
XCCNSS
XCELLPRES_UVH
XCELLTEMP_UVH
XCMDL1
XCMDLS
XCNCC
XCNCold
XCNCOLD
XCNHot
XCO
XCO21S
XCO2DFP
XCO2ENT
XCO2F
XCO2IBF
XCO2INP
XCO2MDE
XCO2MR
XCO2PBP
XCO2PC
XCO2PD
XCO2PDI
XCO2PF1
XCO2PF2
XCO2PF3
XCO2PF4
XCO2PF5
XCO2PF6
XCO2PR
XCO2PS
XCO2REF
XCO2RFF
XCO2S
XCO2SMP
XCO2ST
XCO2T
XCO2T1
XCO2T2
XCO2T3
XCO2T4
XCOAN1
XCOAN2
XCOCELL
XCOFCAL
XCOFS
XCOMR
XCOPIN
XCOSTAT
XCOXG
XCOYG
XCOZG
XDAFSTA
XDAFSTB
XDCNT
XDMASS
XDMSEC
XDTEMP
XEXT
XF03HV
XF03P
XFCN
XFCO2F
XFCO2P
XFCO2S
XFCO2T
XFLOWI
XFLOWM
XFLOWR
XFO315
XFO3F
XFO3FNO
XFO3FS
XFO3HV
XFO3P
XFO3S7
XFO3S8
XFO3T
XGLWC
XGMODE
XGN1
XGN2
XGREFF
XGRFF
XGSFC
XH2O1S
XICN
XICNC
XINLET
XITAS
XKT
XKT1
XL2OS
XLA1
XLATC
XLHHI
XLHLO
XLICORP
XLICORT
XLONC
XLPWR
XMACH2
XMED1
XMED2
XMED3
XMEDF
XMEDP1
XMEDP2
XN9ATX_1
XN9ATX_2
XN9BSCT_1
XN9BSCT_2
XN9CAL_1
XN9CAL_2
XN9PSX_1
XN9PSX_2
XN9RELA_1
XN9RELA_2
XN9RHUM_1
XN9RHUM_2
XNASFLW
XNEPH
XNEPHC
XNEPHF
XNEPHH
XNEPHL
XNHT
XNLWC
XNTWC
XO3FCNT
XOAT
XOPHR
XP10
XPAN
XPFLW
XPLWDMT
XPS
XPSFD
XPSPL
XPSWT
XPTRMS
XQC
XQCPL
XQCWT
XRADCF
XRF3
XRF4
XRH10
XRHGNI
XRST45
XSIGV_UVH
XSIO1
XSWTC
XT10
XTASF
XTC3
XTC4
XTC5
XTGNI
XTOPTMP
XTSG10
XTSURF
XUCAL
XUCILA
XUCIT1
XUCIT2
XUCN
XUFP
XUFT
XUIC
XUVHS
XUVI
XUVP
XUVT
XUXC
XVDET
XVEWC
XVIC
XVNSC
XVYC
XWDC
XWIC
XWSC
XZERO
YEAR
ZERO
